Thu May  4 16:55:36 CEST 2017
;; 1. Based on: 1
;; 2. Description: Test model used in test.R
;; x1. Author: klgk669
$SIZES      NO=1213 LIM1=34004 LIM6=1214
$PROBLEM    6094 PK
;; 4. Date: 01.01.2011

;; 5. Version: 1

;; 6. Label:

;; Basic model

;; 7. Structural model:

;; One compartment model

;; 8. Covariate model:

;; No covariates

;; 9. Inter-individual variability:

;; CL and V1.

;; 10. Inter-occasion variability:

;; No IOV

;; 11. Residual variability:

;; Additive + Proportional

;; 12. Estimation:

;; IMP
$INPUT      ROW=DROP STUDY SUBJID=DROP USUBJID=DROP SITE VISIT=DROP
            CYCLE=DROP DAY PERIOD=DROP FED DAT0=DROP CTIM=DROP ICTIM
            UDTIM=DROP PTAD=DROP TAD=DROP TAFD=DROP AMT IAMT DOSE
            RAT0=DROP REG ROUTE=DROP TYPE DV LNDV=DROP EVID MDV LOQ
            BLOQ=DROP AGE RACE SEX HT=DROP WT IWT=DROP BMI=DROP
            BSA=DROP BWT=DROP BBMI=DROP BBSA=DROP ALB=DROP ALT AST
            BILI CRCL HEPD BALB=DROP BAST=DROP BALT=DROP BBILI=DROP
            BCRCL=DROP BHEPD=DROP ASTLL=DROP ASTUL=DROP ALTLL=DROP
            ALTUL=DROP BILLL=DROP BILUL=DROP TUMOR METS PAT COMB
            COMMENT=DROP ID FREQTXT=DROP DOSETXT=DROP REGTXT=DROP
            TYPETXT=DROP LOWER=DROP UPPER=DROP WDOSE=DROP ORD TAFD2
            AMTLOCF DTAFD=DROP DNUM DOCC1 DOCC2 TIME EXPPRED=DROP
$DATA      data2.csv IGNORE=@ IGNORE=(TYPE.GT.1)
$SUBROUTINE ADVAN2
$PK    

TVKA=EXP(THETA(1))
MU_1=LOG(TVKA)
KA = EXP(MU_1+ETA(1))

TVK=EXP(THETA(2))
MU_2=LOG(TVK)
K = EXP(MU_2+ETA(2))

TVV=EXP(THETA(3))
MU_3=LOG(TVV)
V = EXP(MU_3+ETA(3))

TVALAG1 = EXP(THETA(4))
MU_4=LOG(TVALAG1)
ALAG1 = EXP(MU_4 + ETA(4))

CL = K*V

S2 = V/1000

;; DOSE = mg.
;; Vol = L
;; untransformed CONC unit = mg/L
;; want Ng/mL = ug/L
;; so S2 = V/1000

$ERROR     

IPRED=F
W=SQRT(THETA(5)**2+THETA(6)**2*IPRED*IPRED)  ; proportional + additive error
IRES=DV-IPRED
IWRES=IRES/W
Y=IPRED+W*EPS(1)

;; TMAX around 2.5 hrs
;; t1/2 = ln(2)/Ka
;; 2.5/4 = ln(2)/Ka
;; ka = 1.1
;; logka = 0.1

;; t1/2 (elim) ~ 4 hrs
;; Ke = 0.17 h-1
;; log(Ke) = -1.75

;; V guess 50L
;; log(V) = 4

;-1.28E-01 -1.53E+00  5.15E+00  1.26E+01  4.77E-01

$THETA  -0.1 ; KA; h-1 ;LOG
 -1.53 ; K; h-1 ;LOG
 5.15 ; V; L ;LOG
 -1.52078 ; ALAG1; h ;LOG
 12.6 ; add error
 0.477 ; prop error
$OMEGA  0.7  ;     IIV_KA  ;        LOG
 0.1  ;      IIV_K  ;        LOG
 0.1  ;      IIV_V  ;        LOG
 0.318196  ;  IIV_ALAG1  ;        LOG
$SIGMA  1  FIX
; Parameter estimation - FOCE
;$ESTIMATION METHOD=1 INTER NOABORT MAXEVAL=9999 PRINT=1 NSIG=3 SIGL=9
; Parameter estimation - IMP
$ESTIMATION METHOD=IMP ISAMPLE=300 NITER=100 RANMETHOD=3S CTYPE=3
            CITER=10 CALPHA=0.05 CINTERVAL=3 PRINT=1 NOABORT
            INTERACTION GRD=DDDDSS
; Parameer estimation - SAEM

;$EST METHOD=SAEM ISAMPLE=2 NBURN=1000 NITER=500

;CTYPE=3 CITER=10 CALPHA=0.05 CINTERVAL=10

;PRINT=1 NOABORT INTERACTION GRD=DDDDSS

; Objective function and covariance evaluation

;$EST METHOD=IMP INTER EONLY= 1 MAPITER=0 ISAMPLE = 2000 NITER = 10 RANMETHOD=3S NOABORT PRINT=1 NSIG=3 SIGL=9 GRD=DDDDSS
$COVARIANCE PRINT=E UNCONDITIONAL SIGL=10
;$SIM (324234) ONLYSIM SUBPR=1
$TABLE      ID TIME IPRED IWRES IRES CWRES NPDE ORD FILE=sdtab2
            NOPRINT ONEHEADER FORMAT=tF13.4
$TABLE      ID CL KA V ; individual parameters
            FILE=patab2 NOPRINT ONEHEADER FORMAT=tF13.4
$TABLE      ID AGE WT CRCL DOCC2 ; continuous covariates
            FILE=cotab2 NOPRINT ONEHEADER FORMAT=tF13.4
$TABLE      ID STUDY SITE DAY DOSE AMTLOCF REG RACE SEX METS ; categorical covariates
            FILE=catab2 NOPRINT ONEHEADER FORMAT=tF13.4


NM-TRAN MESSAGES
  
 WARNINGS AND ERRORS (IF ANY) FOR PROBLEM    1
             
 (WARNING  2) NM-TRAN INFERS THAT THE DATA ARE POPULATION.
Note: The following floating-point exceptions are signalling: IEEE_INVALID_FLAG IEEE_DIVIDE_BY_ZERO

License Registered to: AstraZeneca AB
Expiration Date:    14 AUG 2017
Current Date:        4 MAY 2017
Days until program expires : 100
1NONLINEAR MIXED EFFECTS MODEL PROGRAM (NONMEM) VERSION 7.3.0
 ORIGINALLY DEVELOPED BY STUART BEAL, LEWIS SHEINER, AND ALISON BOECKMANN
 CURRENT DEVELOPERS ARE ROBERT BAUER, ICON DEVELOPMENT SOLUTIONS,
 AND ALISON BOECKMANN. IMPLEMENTATION, EFFICIENCY, AND STANDARDIZATION
 PERFORMED BY NOUS INFOSYSTEMS.

 PROBLEM NO.:         1
 6094 PK
0DATA CHECKOUT RUN:              NO
 DATA SET LOCATED ON UNIT NO.:    2
 THIS UNIT TO BE REWOUND:        NO
 NO. OF DATA RECS IN DATA SET:    19642
 NO. OF DATA ITEMS IN DATA SET:  35
 ID DATA ITEM IS DATA ITEM NO.:  28
 DEP VARIABLE IS DATA ITEM NO.:  11
 MDV DATA ITEM IS DATA ITEM NO.: 13
0INDICES PASSED TO SUBROUTINE PRED:
  12  35   6   0   0   0   0   0   0   0   0
0LABELS FOR DATA ITEMS:
 STUDY SITE DAY FED ICTIM AMT IAMT DOSE REG TYPE DV EVID MDV LOQ AGE RACE SEX WT ALT AST BILI CRCL HEPD TUMOR METS PAT
 COMB ID ORD TAFD2 AMTLOCF DNUM DOCC1 DOCC2 TIME
0(NONBLANK) LABELS FOR PRED-DEFINED ITEMS:
 KA V CL IPRED IRES IWRES
0FORMAT FOR DATA:
 (6(5E14.0/),5E14.0)

 TOT. NO. OF OBS RECS:     2237
 TOT. NO. OF INDIVIDUALS:    159
0LENGTH OF THETA:   6
0DEFAULT THETA BOUNDARY TEST OMITTED:    NO
0OMEGA HAS SIMPLE DIAGONAL FORM WITH DIMENSION:   4
0DEFAULT OMEGA BOUNDARY TEST OMITTED:    NO
0SIGMA HAS SIMPLE DIAGONAL FORM WITH DIMENSION:   1
0DEFAULT SIGMA BOUNDARY TEST OMITTED:    NO
0INITIAL ESTIMATE OF THETA:
  -0.1000E+00 -0.1530E+01  0.5150E+01 -0.1521E+01  0.1260E+02  0.4770E+00
0INITIAL ESTIMATE OF OMEGA:
 0.7000E+00
 0.0000E+00   0.1000E+00
 0.0000E+00   0.0000E+00   0.1000E+00
 0.0000E+00   0.0000E+00   0.0000E+00   0.3182E+00
0INITIAL ESTIMATE OF SIGMA:
 0.1000E+01
0SIGMA CONSTRAINED TO BE THIS INITIAL ESTIMATE
0COVARIANCE STEP OMITTED:        NO
 EIGENVLS. PRINTED:             YES
 SPECIAL COMPUTATION:            NO
 COMPRESSED FORMAT:              NO
 SIGDIGITS ETAHAT (SIGLO):                  -1
 SIGDIGITS GRADIENTS (SIGL):                10
 RELATIVE TOLERANCE (TOL):                  -1
 ABSOLUTE TOLERANCE-ADVAN 9,13 ONLY (ATOL): -1
 EXCLUDE COV FOR FOCE (NOFCOV):              NO
 RESUME COV ANALYSIS (RESUME):               NO
0TABLES STEP OMITTED:    NO
 NO. OF TABLES:           4
 SEED NUMBER (SEED):    11456
 RANMETHOD:
 MC SAMPLES (ESEED):    300
 WRES SQUARE ROOT TYPE:            EIGENVALUE
0-- TABLE   1 --
 PRINTED:                NO
 HEADERS:               ONE
 FILE TO BE FORWARDED:   NO
 FORMAT:                tF13.4
 LFORMAT:
 RFORMAT:
0USER-CHOSEN ITEMS:
 ID TIME IPRED IWRES IRES CWRES NPDE ORD
0-- TABLE   2 --
 PRINTED:                NO
 HEADERS:               ONE
 FILE TO BE FORWARDED:   NO
 FORMAT:                tF13.4
 LFORMAT:
 RFORMAT:
0USER-CHOSEN ITEMS:
 ID CL KA V
0-- TABLE   3 --
 PRINTED:                NO
 HEADERS:               ONE
 FILE TO BE FORWARDED:   NO
 FORMAT:                tF13.4
 LFORMAT:
 RFORMAT:
0USER-CHOSEN ITEMS:
 ID AGE WT CRCL DOCC2
0-- TABLE   4 --
 PRINTED:                NO
 HEADERS:               ONE
 FILE TO BE FORWARDED:   NO
 FORMAT:                tF13.4
 LFORMAT:
 RFORMAT:
0USER-CHOSEN ITEMS:
 ID STUDY SITE DAY DOSE AMTLOCF REG RACE SEX METS
1DOUBLE PRECISION PREDPP VERSION 7.3.0

 ONE COMPARTMENT MODEL WITH FIRST-ORDER ABSORPTION (ADVAN2)
0MAXIMUM NO. OF BASIC PK PARAMETERS:   3
0BASIC PK PARAMETERS (AFTER TRANSLATION):
   ELIMINATION RATE (K) IS BASIC PK PARAMETER NO.:  1
   ABSORPTION RATE (KA) IS BASIC PK PARAMETER NO.:  3

0COMPARTMENT ATTRIBUTES
 COMPT. NO.   FUNCTION   INITIAL    ON/OFF      DOSE      DEFAULT    DEFAULT
                         STATUS     ALLOWED    ALLOWED    FOR DOSE   FOR OBS.
    1         DEPOT        OFF        YES        YES        YES        NO
    2         CENTRAL      ON         NO         YES        NO         YES
    3         OUTPUT       OFF        YES        NO         NO         NO
1
 ADDITIONAL PK PARAMETERS - ASSIGNMENT OF ROWS IN GG
 COMPT. NO.                             INDICES
              SCALE      BIOAVAIL.   ZERO-ORDER  ZERO-ORDER  ABSORB
                         FRACTION    RATE        DURATION    LAG
    1            *           *           *           *           4
    2            5           *           *           *           *
    3            *           -           -           -           -
             - PARAMETER IS NOT ALLOWED FOR THIS MODEL
             * PARAMETER IS NOT SUPPLIED BY PK SUBROUTINE;
               WILL DEFAULT TO ONE IF APPLICABLE
0DATA ITEM INDICES USED BY PRED ARE:
   EVENT ID DATA ITEM IS DATA ITEM NO.:     12
   TIME DATA ITEM IS DATA ITEM NO.:         35
   DOSE AMOUNT DATA ITEM IS DATA ITEM NO.:   6

0PK SUBROUTINE CALLED WITH EVERY EVENT RECORD.
 PK SUBROUTINE NOT CALLED AT NONEVENT (ADDITIONAL OR LAGGED) DOSE TIMES.
0ERROR SUBROUTINE CALLED WITH EVERY EVENT RECORD.

 #PARA: PARAFILE=parafile-6860054.pnm, PROTOCOL=MPI, NODES= 30

1


 #TBLN:      1
 #METH: Importance Sampling

 ESTIMATION STEP OMITTED:                 NO  
 ANALYSIS TYPE:                           POPULATION
 CONDITIONAL ESTIMATES USED:              YES 
 CENTERED ETA:                            NO  
 EPS-ETA INTERACTION:                     YES 
 LAPLACIAN OBJ. FUNC.:                    NO  
 NO. OF FUNCT. EVALS. ALLOWED:            728
 NO. OF SIG. FIGURES REQUIRED:            3
 INTERMEDIATE PRINTOUT:                   YES 
 ESTIMATE OUTPUT TO MSF:                  NO  
 ABORT WITH PRED EXIT CODE 1:             NO  
 IND. OBJ. FUNC. VALUES SORTED:           NO  
 NUMERICAL DERIVATIVE 
       FILE REQUEST (NUMDER):             NONE
 MAP (ETAHAT) ESTIMATION METHOD (OPTMAP): 0           
 ETA HESSIAN EVALUATION METHOD (ETADER):  0           
 INITIAL ETA FOR MAP ESTIMATION (MCETA):  0           
 SIGDIGITS FOR MAP ESTIMATION (SIGLO):    100         
 GRADIENT SIGDIGITS OF 
       FIXED EFFECTS PARAMETERS (SIGL):   100         
 EXCLUDE TITLE (NOTITLE):                 NO 
 EXCLUDE COLUMN LABELS (NOLABEL):         NO 
 NOPRIOR SETTING (NOPRIOR):               OFF
 NOCOV SETTING (NOCOV):                   OFF
 DERCONT SETTING (DERCONT):               OFF
 ABSOLUTE TOLERANCE-ADVAN 9,13 ONLY(ATOL):-100        
 FINAL ETA RE-EVALUATION (FNLETA):        ON 
 EXCLUDE NON-INFLUENTIAL (NON-INFL.) ETAS 
       IN SHRINKAGE (ETASTYPE):           NO 
 NON-INFL. ETA CORRECTION (NONINFETA):    OFF
 FORMAT FOR ADDITIONAL FILES (FORMAT):    S1PE12.5
 PARAMETER ORDER FOR OUTPUTS (ORDER):     TSOL
 EM OR BAYESIAN METHOD USED:              IMPORTANCE SAMPLING (IMP)
 MU MODELING PATTERN (MUM):               
 GRADIENT/GIBBS PATTERN (GRD):            DDDDSS
 AUTOMATIC SETTING FEATURE (AUTO):        OFF
 CONVERGENCE TYPE (CTYPE):                3           
 CONVERGENCE INTERVAL (CINTERVAL):        3           
 CONVERGENCE ITERATIONS (CITER):          10          
 CONVERGENCE ALPHA ERROR (CALPHA):        5.000000000000000E-02   
 ITERATIONS (NITER):                      100         
 STARTING SEED FOR MC METHODS (SEED):     11456       
 MC SAMPLES PER SUBJECT (ISAMPLE):        300         
 RANDOM SAMPLING METHOD (RANMETHOD):      3S
 EXPECTATION ONLY (EONLY):                NO 
 PROPOSAL DENSITY SCALING RANGE 
              (ISCALE_MIN, ISCALE_MAX):   0.100000000000000       ,10.0000000000000        
 SAMPLE ACCEPTANCE RATE (IACCEPT):        0.400000000000000       
 T-DIST. PROPOSAL DENSITY (DF):           0           
 NO. ITERATIONS FOR MAP (MAPITER):        1           
 INTERVAL ITER. FOR MAP (MAPINTER):       0           


 THE FOLLOWING LABELS ARE EQUIVALENT
 PRED=PREDI
 RES=RESI
 WRES=WRESI
 IWRS=IWRESI
 IPRD=IPREDI
 IRS=IRESI

 EM/BAYES SETUP:
 THETAS THAT ARE MU MODELED:
   1   2   3   4
 THETAS THAT ARE SIGMA-LIKE:
   5   6

 MONITORING OF SEARCH:

 iteration            0  OBJ=   27935.417243542597 eff.=     339. Smpl.=     300. Fit.= 0.92511
 iteration            1  OBJ=   27809.835478260826 eff.=     216. Smpl.=     300. Fit.= 0.93615
 iteration            2  OBJ=   27774.649706452466 eff.=     104. Smpl.=     300. Fit.= 0.90003
 iteration            3  OBJ=   27756.069278135023 eff.=     105. Smpl.=     300. Fit.= 0.90598
 iteration            4  OBJ=   27752.270408404445 eff.=     114. Smpl.=     300. Fit.= 0.91056
 iteration            5  OBJ=   27743.358708234882 eff.=     150. Smpl.=     300. Fit.= 0.91424
 iteration            6  OBJ=   27735.637229623626 eff.=     198. Smpl.=     300. Fit.= 0.91493
 iteration            7  OBJ=   27752.514540723219 eff.=     134. Smpl.=     300. Fit.= 0.91517
 iteration            8  OBJ=   27750.000727005234 eff.=     129. Smpl.=     300. Fit.= 0.91450
 iteration            9  OBJ=   27746.186274677435 eff.=     124. Smpl.=     300. Fit.= 0.91496
 iteration           10  OBJ=   27747.231080953799 eff.=     118. Smpl.=     300. Fit.= 0.91576
 iteration           11  OBJ=   27745.317925269257 eff.=     120. Smpl.=     300. Fit.= 0.91675
 iteration           12  OBJ=   27747.873212917253 eff.=     123. Smpl.=     300. Fit.= 0.91501
 iteration           13  OBJ=   27746.533518542867 eff.=     122. Smpl.=     300. Fit.= 0.91705
 iteration           14  OBJ=   27746.262229945532 eff.=     121. Smpl.=     300. Fit.= 0.91510
 iteration           15  OBJ=   27746.301673918024 eff.=     122. Smpl.=     300. Fit.= 0.91684
 iteration           16  OBJ=   27748.188912273865 eff.=     122. Smpl.=     300. Fit.= 0.91608
 iteration           17  OBJ=   27746.744965895767 eff.=     123. Smpl.=     300. Fit.= 0.91616
 iteration           18  OBJ=   27747.659259964403 eff.=     121. Smpl.=     300. Fit.= 0.91660
 iteration           19  OBJ=   27746.466765462243 eff.=     123. Smpl.=     300. Fit.= 0.91629
 iteration           20  OBJ=   27747.540133309718 eff.=     121. Smpl.=     300. Fit.= 0.91578
 iteration           21  OBJ=   27746.012213878916 eff.=     122. Smpl.=     300. Fit.= 0.91588
 iteration           22  OBJ=   27748.037647666773 eff.=     121. Smpl.=     300. Fit.= 0.91606
 iteration           23  OBJ=   27748.894093059724 eff.=     121. Smpl.=     300. Fit.= 0.91634
 iteration           24  OBJ=   27746.905741083672 eff.=     123. Smpl.=     300. Fit.= 0.91590
 iteration           25  OBJ=   27747.467875181603 eff.=     122. Smpl.=     300. Fit.= 0.91593
 iteration           26  OBJ=   27747.407563833240 eff.=     122. Smpl.=     300. Fit.= 0.91622
 iteration           27  OBJ=   27744.624602845586 eff.=     121. Smpl.=     300. Fit.= 0.91660
 iteration           28  OBJ=   27746.407298892074 eff.=     123. Smpl.=     300. Fit.= 0.91530
 iteration           29  OBJ=   27745.065256634873 eff.=     123. Smpl.=     300. Fit.= 0.91583
 iteration           30  OBJ=   27748.037392896193 eff.=     121. Smpl.=     300. Fit.= 0.91623
 iteration           31  OBJ=   27744.129511922416 eff.=     123. Smpl.=     300. Fit.= 0.91680
 iteration           32  OBJ=   27747.154331470025 eff.=     122. Smpl.=     300. Fit.= 0.91477
 iteration           33  OBJ=   27746.593367142952 eff.=     122. Smpl.=     300. Fit.= 0.91603
 iteration           34  OBJ=   27744.927468820679 eff.=     122. Smpl.=     300. Fit.= 0.91473
 iteration           35  OBJ=   27749.134181495519 eff.=     120. Smpl.=     300. Fit.= 0.91652
 iteration           36  OBJ=   27743.718983985244 eff.=     128. Smpl.=     300. Fit.= 0.91590
 iteration           37  OBJ=   27747.309363227057 eff.=     120. Smpl.=     300. Fit.= 0.91709
 iteration           38  OBJ=   27746.668793814388 eff.=     121. Smpl.=     300. Fit.= 0.91536
 iteration           39  OBJ=   27742.679974382627 eff.=     122. Smpl.=     300. Fit.= 0.91641
 iteration           40  OBJ=   27742.046076707444 eff.=     123. Smpl.=     300. Fit.= 0.91715
 iteration           41  OBJ=   27744.646556946060 eff.=     122. Smpl.=     300. Fit.= 0.91726
 iteration           42  OBJ=   27747.229857073708 eff.=     121. Smpl.=     300. Fit.= 0.91546
 iteration           43  OBJ=   27746.821815146865 eff.=     124. Smpl.=     300. Fit.= 0.91573
 iteration           44  OBJ=   27745.259968380207 eff.=     125. Smpl.=     300. Fit.= 0.91587
 iteration           45  OBJ=   27744.628888307358 eff.=     122. Smpl.=     300. Fit.= 0.91660
 iteration           46  OBJ=   27745.047821916120 eff.=     123. Smpl.=     300. Fit.= 0.91550
 iteration           47  OBJ=   27746.570386209936 eff.=     122. Smpl.=     300. Fit.= 0.91547
 iteration           48  OBJ=   27745.984290784538 eff.=     121. Smpl.=     300. Fit.= 0.91556
 iteration           49  OBJ=   27746.289606790269 eff.=     124. Smpl.=     300. Fit.= 0.91600
 iteration           50  OBJ=   27740.623936234027 eff.=     125. Smpl.=     300. Fit.= 0.91612
 iteration           51  OBJ=   27746.726445324406 eff.=     121. Smpl.=     300. Fit.= 0.91769
 iteration           52  OBJ=   27745.053427284754 eff.=     121. Smpl.=     300. Fit.= 0.91416
 iteration           53  OBJ=   27746.141406365616 eff.=     122. Smpl.=     300. Fit.= 0.91714
 iteration           54  OBJ=   27742.626865197839 eff.=     124. Smpl.=     300. Fit.= 0.91590
 iteration           55  OBJ=   27746.734377830417 eff.=     121. Smpl.=     300. Fit.= 0.91628
 iteration           56  OBJ=   27746.890979282449 eff.=     122. Smpl.=     300. Fit.= 0.91282
 iteration           57  OBJ=   27746.547579287380 eff.=     123. Smpl.=     300. Fit.= 0.91551
 iteration           58  OBJ=   27743.952385943390 eff.=     123. Smpl.=     300. Fit.= 0.91623
 iteration           59  OBJ=   27746.341266714735 eff.=     123. Smpl.=     300. Fit.= 0.91591
 iteration           60  OBJ=   27744.528390450738 eff.=     120. Smpl.=     300. Fit.= 0.91553
 iteration           61  OBJ=   27746.262408904939 eff.=     122. Smpl.=     300. Fit.= 0.91491
 iteration           62  OBJ=   27745.825435349216 eff.=     123. Smpl.=     300. Fit.= 0.91617
 iteration           63  OBJ=   27745.292543709260 eff.=     122. Smpl.=     300. Fit.= 0.91421
 iteration           64  OBJ=   27746.350577815087 eff.=     120. Smpl.=     300. Fit.= 0.91635
 iteration           65  OBJ=   27745.630608549451 eff.=     125. Smpl.=     300. Fit.= 0.91618
 iteration           66  OBJ=   27743.148540421487 eff.=     123. Smpl.=     300. Fit.= 0.91617
 iteration           67  OBJ=   27745.283503510334 eff.=     121. Smpl.=     300. Fit.= 0.91668
 iteration           68  OBJ=   27744.267101292775 eff.=     121. Smpl.=     300. Fit.= 0.91452
 iteration           69  OBJ=   27746.342696487263 eff.=     122. Smpl.=     300. Fit.= 0.91671
 iteration           70  OBJ=   27746.457418234171 eff.=     122. Smpl.=     300. Fit.= 0.91660
 iteration           71  OBJ=   27745.740102558950 eff.=     125. Smpl.=     300. Fit.= 0.91510
 iteration           72  OBJ=   27745.963102713424 eff.=     123. Smpl.=     300. Fit.= 0.91513
 iteration           73  OBJ=   27745.692379888918 eff.=     122. Smpl.=     300. Fit.= 0.91654
 iteration           74  OBJ=   27743.478687709041 eff.=     123. Smpl.=     300. Fit.= 0.91550
 iteration           75  OBJ=   27746.008436633463 eff.=     120. Smpl.=     300. Fit.= 0.91580
 iteration           76  OBJ=   27744.755007162043 eff.=     125. Smpl.=     300. Fit.= 0.91573
 iteration           77  OBJ=   27744.854151594354 eff.=     119. Smpl.=     300. Fit.= 0.91703
 iteration           78  OBJ=   27743.693443483746 eff.=     123. Smpl.=     300. Fit.= 0.91636
 iteration           79  OBJ=   27743.655138282102 eff.=     124. Smpl.=     300. Fit.= 0.91603
 iteration           80  OBJ=   27742.018882964985 eff.=     121. Smpl.=     300. Fit.= 0.91614
 iteration           81  OBJ=   27745.435844718781 eff.=     125. Smpl.=     300. Fit.= 0.91639
 iteration           82  OBJ=   27744.220463599075 eff.=     125. Smpl.=     300. Fit.= 0.91585
 iteration           83  OBJ=   27746.202813303862 eff.=     119. Smpl.=     300. Fit.= 0.91615
 iteration           84  OBJ=   27742.044457762600 eff.=     124. Smpl.=     300. Fit.= 0.91686
 iteration           85  OBJ=   27744.198246755725 eff.=     121. Smpl.=     300. Fit.= 0.91607
 iteration           86  OBJ=   27742.993170679285 eff.=     122. Smpl.=     300. Fit.= 0.91653
 iteration           87  OBJ=   27745.255712143535 eff.=     120. Smpl.=     300. Fit.= 0.91745
 iteration           88  OBJ=   27746.557102554325 eff.=     125. Smpl.=     300. Fit.= 0.91534
 iteration           89  OBJ=   27747.480033313099 eff.=     120. Smpl.=     300. Fit.= 0.91630
 iteration           90  OBJ=   27743.969002964288 eff.=     125. Smpl.=     300. Fit.= 0.91585
 iteration           91  OBJ=   27746.571241872094 eff.=     121. Smpl.=     300. Fit.= 0.91494
 iteration           92  OBJ=   27746.133549331422 eff.=     123. Smpl.=     300. Fit.= 0.91555
 iteration           93  OBJ=   27744.693449225095 eff.=     122. Smpl.=     300. Fit.= 0.91604
 iteration           94  OBJ=   27747.024672835152 eff.=     119. Smpl.=     300. Fit.= 0.91687
 iteration           95  OBJ=   27744.831902713624 eff.=     124. Smpl.=     300. Fit.= 0.91540
 iteration           96  OBJ=   27744.666925947313 eff.=     124. Smpl.=     300. Fit.= 0.91610
 iteration           97  OBJ=   27743.667515368594 eff.=     122. Smpl.=     300. Fit.= 0.91565
 iteration           98  OBJ=   27746.978638653538 eff.=     120. Smpl.=     300. Fit.= 0.91679
 iteration           99  OBJ=   27746.038816604600 eff.=     122. Smpl.=     300. Fit.= 0.91682
 iteration          100  OBJ=   27743.628466133076 eff.=     124. Smpl.=     300. Fit.= 0.91697

 #TERM:
 OPTIMIZATION WAS NOT COMPLETED


 ETABAR IS THE ARITHMETIC MEAN OF THE ETA-ESTIMATES,
 AND THE P-VALUE IS GIVEN FOR THE NULL HYPOTHESIS THAT THE TRUE MEAN IS 0.

 ETABAR:         1.7959E-02 -1.2157E-03  6.6806E-04  4.4935E-03
 SE:             6.1460E-02  2.9561E-02  1.8586E-02  2.9852E-02
 N:                     159         159         159         159

 P VAL.:         7.7013E-01  9.6720E-01  9.7133E-01  8.8035E-01

 ETAshrink(%):   2.6225E+01  1.7027E+01  2.7166E+01  3.6417E+01
 EBVshrink(%):   2.7551E+01  1.8839E+01  2.7498E+01  3.6706E+01
 EPSshrink(%):   6.2802E+00

 #TERE:
 Elapsed estimation time in seconds:   380.38
 Elapsed covariance time in seconds:    15.66
1
 
 
 
 
 
 
 
 
 
 
 
 
 
 
 
 
 
 
 
 
 ************************************************************************************************************************
 ********************                                                                                ********************
 ********************                               IMPORTANCE SAMPLING                              ********************
 #OBJT:**************                        FINAL VALUE OF OBJECTIVE FUNCTION                       ********************
 ********************                                                                                ********************
 ************************************************************************************************************************
 





 #OBJV:********************************************    27743.628       **************************************************
1
 ************************************************************************************************************************
 ********************                                                                                ********************
 ********************                               IMPORTANCE SAMPLING                              ********************
 ********************                             FINAL PARAMETER ESTIMATE                           ********************
 ********************                                                                                ********************
 ************************************************************************************************************************
 


 THETA - VECTOR OF FIXED EFFECTS PARAMETERS   *********


         TH 1      TH 2      TH 3      TH 4      TH 5      TH 6     
 
         5.62E-01 -1.72E+00  5.24E+00 -1.63E+00  1.32E+01  4.55E-01
 


 OMEGA - COV MATRIX FOR RANDOM EFFECTS - ETAS  ********


            ETA1      ETA2      ETA3      ETA4   
 
 ETA1
+        1.11E+00
 
 ETA2
+        0.00E+00  2.03E-01
 
 ETA3
+        0.00E+00  0.00E+00  1.04E-01
 
 ETA4
+        0.00E+00  0.00E+00  0.00E+00  3.53E-01
 


 SIGMA - COV MATRIX FOR RANDOM EFFECTS - EPSILONS  ****


            EPS1   
 
 EPS1
+        1.00E+00
 
1


 OMEGA - CORR MATRIX FOR RANDOM EFFECTS - ETAS  *******


            ETA1      ETA2      ETA3      ETA4   
 
 ETA1
+        1.05E+00
 
 ETA2
+        0.00E+00  4.51E-01
 
 ETA3
+        0.00E+00  0.00E+00  3.23E-01
 
 ETA4
+        0.00E+00  0.00E+00  0.00E+00  5.94E-01
 


 SIGMA - CORR MATRIX FOR RANDOM EFFECTS - EPSILONS  ***


            EPS1   
 
 EPS1
+        1.00E+00
 
1
 ************************************************************************************************************************
 ********************                                                                                ********************
 ********************                               IMPORTANCE SAMPLING                              ********************
 ********************                         STANDARD ERROR OF ESTIMATE (RSR)                       ********************
 ********************                                                                                ********************
 ************************************************************************************************************************
 


 THETA - VECTOR OF FIXED EFFECTS PARAMETERS   *********


         TH 1      TH 2      TH 3      TH 4      TH 5      TH 6     
 
         1.18E-01  5.19E-02  4.61E-02  9.35E-02  4.91E+00  1.90E-02
 


 OMEGA - COV MATRIX FOR RANDOM EFFECTS - ETAS  ********


            ETA1      ETA2      ETA3      ETA4   
 
 ETA1
+        2.82E-01
 
 ETA2
+        0.00E+00  3.57E-02
 
 ETA3
+        0.00E+00  0.00E+00  1.67E-02
 
 ETA4
+        0.00E+00  0.00E+00  0.00E+00  1.35E-01
 


 SIGMA - COV MATRIX FOR RANDOM EFFECTS - EPSILONS  ****


            EPS1   
 
 EPS1
+        0.00E+00
 
1


 OMEGA - CORR MATRIX FOR RANDOM EFFECTS - ETAS  *******


            ETA1      ETA2      ETA3      ETA4   
 
 ETA1
+        1.34E-01
 
 ETA2
+       .........  3.96E-02
 
 ETA3
+       ......... .........  2.58E-02
 
 ETA4
+       ......... ......... .........  1.14E-01
 


 SIGMA - CORR MATRIX FOR RANDOM EFFECTS - EPSILONS  ***


            EPS1   
 
 EPS1
+       .........
 
1
 ************************************************************************************************************************
 ********************                                                                                ********************
 ********************                               IMPORTANCE SAMPLING                              ********************
 ********************                       COVARIANCE MATRIX OF ESTIMATE (RSR)                      ********************
 ********************                                                                                ********************
 ************************************************************************************************************************
 

            TH 1      TH 2      TH 3      TH 4      TH 5      TH 6      OM11      OM12      OM13      OM14      OM22      OM23  
             OM24      OM33      OM34      OM44      SG11  
 
 TH 1
+        1.40E-02
 
 TH 2
+       -1.51E-03  2.69E-03
 
 TH 3
+        1.90E-03 -1.23E-03  2.13E-03
 
 TH 4
+        2.97E-04 -1.22E-03  3.12E-04  8.75E-03
 
 TH 5
+       -1.89E-01  1.08E-01 -1.10E-01 -1.67E-01  2.41E+01
 
 TH 6
+       -2.09E-04 -4.20E-04  3.86E-04  7.80E-05 -3.50E-02  3.60E-04
 
 OM11
+       -4.35E-03  6.81E-04 -3.10E-03  2.08E-04  4.28E-01 -4.43E-04  7.97E-02
 
 OM12
+       ......... ......... ......... ......... ......... ......... ......... .........
 
 OM13
+       ......... ......... ......... ......... ......... ......... ......... ......... .........
 
 OM14
+       ......... ......... ......... ......... ......... ......... ......... ......... ......... .........
 
 OM22
+       -2.32E-04 -4.48E-05  6.83E-05 -2.00E-04  7.93E-02  4.10E-06  1.14E-03  0.00E+00  0.00E+00  0.00E+00  1.27E-03
 
 OM23
+       ......... ......... ......... ......... ......... ......... ......... ......... ......... ......... ......... .........
 
 OM24
+       ......... ......... ......... ......... ......... ......... ......... ......... ......... ......... ......... .........
         .........
 
 OM33
+        1.49E-04 -7.52E-05 -1.08E-04 -3.63E-05  2.85E-02 -8.32E-05  7.14E-04  0.00E+00  0.00E+00  0.00E+00  9.27E-05  0.00E+00
          0.00E+00  2.78E-04
 
 OM34
+       ......... ......... ......... ......... ......... ......... ......... ......... ......... ......... ......... .........
         ......... ......... .........
 
 OM44
+       -2.42E-03  2.09E-03 -1.88E-03 -7.61E-03  5.10E-01 -8.39E-04  9.92E-03  0.00E+00  0.00E+00  0.00E+00  1.59E-03  0.00E+00
          0.00E+00  7.45E-04  0.00E+00  1.83E-02
 
 SG11
+       ......... ......... ......... ......... ......... ......... ......... ......... ......... ......... ......... .........
         ......... ......... ......... ......... .........
 
1
 ************************************************************************************************************************
 ********************                                                                                ********************
 ********************                               IMPORTANCE SAMPLING                              ********************
 ********************                       CORRELATION MATRIX OF ESTIMATE (RSR)                     ********************
 ********************                                                                                ********************
 ************************************************************************************************************************
 

            TH 1      TH 2      TH 3      TH 4      TH 5      TH 6      OM11      OM12      OM13      OM14      OM22      OM23  
             OM24      OM33      OM34      OM44      SG11  
 
 TH 1
+        1.18E-01
 
 TH 2
+       -2.46E-01  5.19E-02
 
 TH 3
+        3.49E-01 -5.15E-01  4.61E-02
 
 TH 4
+        2.69E-02 -2.51E-01  7.23E-02  9.35E-02
 
 TH 5
+       -3.26E-01  4.23E-01 -4.87E-01 -3.63E-01  4.91E+00
 
 TH 6
+       -9.30E-02 -4.27E-01  4.41E-01  4.40E-02 -3.76E-01  1.90E-02
 
 OM11
+       -1.30E-01  4.65E-02 -2.38E-01  7.86E-03  3.09E-01 -8.27E-02  2.82E-01
 
 OM12
+       ......... ......... ......... ......... ......... ......... ......... .........
 
 OM13
+       ......... ......... ......... ......... ......... ......... ......... ......... .........
 
 OM14
+       ......... ......... ......... ......... ......... ......... ......... ......... ......... .........
 
 OM22
+       -5.49E-02 -2.42E-02  4.15E-02 -6.00E-02  4.52E-01  6.05E-03  1.13E-01  0.00E+00  0.00E+00  0.00E+00  3.57E-02
 
 OM23
+       ......... ......... ......... ......... ......... ......... ......... ......... ......... ......... ......... .........
 
 OM24
+       ......... ......... ......... ......... ......... ......... ......... ......... ......... ......... ......... .........
         .........
 
 OM33
+        7.58E-02 -8.69E-02 -1.41E-01 -2.33E-02  3.48E-01 -2.63E-01  1.52E-01  0.00E+00  0.00E+00  0.00E+00  1.56E-01  0.00E+00
          0.00E+00  1.67E-02
 
 OM34
+       ......... ......... ......... ......... ......... ......... ......... ......... ......... ......... ......... .........
         ......... ......... .........
 
 OM44
+       -1.51E-01  2.97E-01 -3.01E-01 -6.01E-01  7.66E-01 -3.26E-01  2.59E-01  0.00E+00  0.00E+00  0.00E+00  3.29E-01  0.00E+00
          0.00E+00  3.30E-01  0.00E+00  1.35E-01
 
 SG11
+       ......... ......... ......... ......... ......... ......... ......... ......... ......... ......... ......... .........
         ......... ......... ......... ......... .........
 
1
 ************************************************************************************************************************
 ********************                                                                                ********************
 ********************                               IMPORTANCE SAMPLING                              ********************
 ********************                   INVERSE COVARIANCE MATRIX OF ESTIMATE (RSR)                  ********************
 ********************                                                                                ********************
 ************************************************************************************************************************
 

            TH 1      TH 2      TH 3      TH 4      TH 5      TH 6      OM11      OM12      OM13      OM14      OM22      OM23  
             OM24      OM33      OM34      OM44      SG11  
 
 TH 1
+        7.52E+01
 
 TH 2
+        1.48E+01  5.16E+02
 
 TH 3
+       -3.09E+01  9.35E+01  8.02E+02
 
 TH 4
+       -2.11E+01  4.06E+00 -2.68E+00  1.81E+02
 
 TH 5
+        2.23E-01 -2.13E+00  2.40E+00 -2.31E-01  2.54E+00
 
 TH 6
+        1.72E+01 -1.61E+00 -4.90E+02  7.59E+01  1.50E+01  1.17E+04
 
 OM11
+       -6.87E+00 -5.28E+00  7.13E+00 -5.23E+00 -4.82E-01  1.37E+01  2.42E+01
 
 OM12
+       ......... ......... ......... ......... ......... ......... ......... .........
 
 OM13
+       ......... ......... ......... ......... ......... ......... ......... ......... .........
 
 OM14
+       ......... ......... ......... ......... ......... ......... ......... ......... ......... .........
 
 OM22
+       -5.38E+00 -3.82E+00 -1.38E+01 -5.95E+00 -5.16E+00  2.30E+02  1.75E+01  0.00E+00  0.00E+00  0.00E+00  1.35E+03
 
 OM23
+       ......... ......... ......... ......... ......... ......... ......... ......... ......... ......... ......... .........
 
 OM24
+       ......... ......... ......... ......... ......... ......... ......... ......... ......... ......... ......... .........
         .........
 
 OM33
+       -8.58E+00  1.71E+01 -9.20E+01 -1.35E+00 -4.99E+00  4.28E+02 -1.09E+01  0.00E+00  0.00E+00  0.00E+00  2.03E+02  0.00E+00
          0.00E+00  3.24E+03
 
 OM34
+       ......... ......... ......... ......... ......... ......... ......... ......... ......... ......... ......... .........
         ......... ......... .........
 
 OM44
+        8.07E-01  4.54E+00 -2.50E+00  7.11E+01 -2.55E+00  8.64E+01  5.44E-01  0.00E+00  0.00E+00  0.00E+00 -6.19E+00  0.00E+00
          0.00E+00  3.97E+00  0.00E+00  1.40E+02
 
 SG11
+       ......... ......... ......... ......... ......... ......... ......... ......... ......... ......... ......... .........
         ......... ......... ......... ......... .........
 
1
 
 
 
 
 
 
 
 
 
 
 
 
 
 
 
 
 
 
 
 
 ************************************************************************************************************************
 ********************                                                                                ********************
 ********************                               IMPORTANCE SAMPLING                              ********************
 ********************                   EIGENVALUES OF COR MATRIX OF ESTIMATE (RSR)                  ********************
 ********************                                                                                ********************
 ************************************************************************************************************************
 

             1         2         3         4         5         6         7         8         9        10
 
         1.48E-01  2.48E-01  3.81E-01  3.90E-01  7.41E-01  8.50E-01  1.19E+00  1.24E+00  1.50E+00  3.31E+00
 
 #CPUT: Total CPU Time in Seconds,     4858.260
Stop Time:
Thu May  4 17:02:56 CEST 2017
